[    0.000000] Linux version 4.15.0-147-generic (buildd@lcy01-amd64-028) (gcc version 7.5.0 (Ubuntu 7.5.0-3ubuntu1~18.04)) #151-Ubuntu SMP Fri Jun 18 19:21:19 UTC 2021 (Ubuntu 4.15.0-147.151-generic 4.15.18)
[    0.000000] Command line: BOOT_IMAGE=/boot/vmlinuz-4.15.0-147-generic root=UUID=79cb557c-b1e0-422e-888a-b0d7c9623e87 ro console=tty1 console=ttyS0
[    0.000000] KERNEL supported cpus:
[    0.000000]   Intel GenuineIntel
[    0.000000]   AMD AuthenticAMD
[    0.000000]   Centaur CentaurHauls
[    0.000000] x86/fpu: Supporting XSAVE feature 0x001: 'x87 floating point registers'
[    0.000000] x86/fpu: Supporting XSAVE feature 0x002: 'SSE registers'
[    0.000000] x86/fpu: Supporting XSAVE feature 0x004: 'AVX registers'
[    0.000000] x86/fpu: xstate_offset[2]:  576, xstate_sizes[2]:  256
[    0.000000] x86/fpu: Enabled xstate features 0x7, context size is 832 bytes, using 'standard' format.
[    0.000000] e820: BIOS-provided physical RAM map:
[    0.000000] BIOS-e820: [mem 0x0000000000000000-0x000000000009fbff] usable
[    0.000000] BIOS-e820: [mem 0x000000000009fc00-0x000000000009ffff] reserved
[    0.000000] BIOS-e820: [mem 0x00000000000f0000-0x00000000000fffff] reserved
[    0.000000] BIOS-e820: [mem 0x0000000000100000-0x000000001ffeffff] usable
[    0.000000] BIOS-e820: [mem 0x000000001fff0000-0x000000001fffffff] ACPI data
[    0.000000] BIOS-e820: [mem 0x00000000fec00000-0x00000000fec00fff] reserved
[    0.000000] BIOS-e820: [mem 0x00000000fee00000-0x00000000fee00fff] reserved
[    0.000000] BIOS-e820: [mem 0x00000000fffc0000-0x00000000ffffffff] reserved
[    0.000000] NX (Execute Disable) protection: active
[    0.000000] SMBIOS 2.5 present.
[    0.000000] DMI: innotek GmbH VirtualBox/VirtualBox, BIOS VirtualBox 12/01/2006
[    0.000000] Hypervisor detected: KVM
[    0.000000] e820: last_pfn = 0x1fff0 max_arch_pfn = 0x400000000
[    0.000000] MTRR: Disabled
[    0.000000] x86/PAT: MTRRs disabled, skipping PAT initialization too.
[    0.000000] CPU MTRRs all blank - virtualized system.
[    0.000000] x86/PAT: Configuration [0-7]: WB  WT  UC- UC  WB  WT  UC- UC  
[    0.000000] found SMP MP-table at [mem 0x0009fff0-0x0009ffff]
[    0.000000] Scanning 1 areas for low memory corruption
[    0.000000] RAMDISK: [mem 0x1daba000-0x1eea0fff]
[    0.000000] ACPI: Early table checksum verification disabled
[    0.000000] ACPI: RSDP 0x00000000000E0000 000024 (v02 VBOX  )
[    0.000000] ACPI: XSDT 0x000000001FFF0030 00003C (v01 VBOX   VBOXXSDT 00000001 ASL  00000061)
[    0.000000] ACPI: FACP 0x000000001FFF00F0 0000F4 (v04 VBOX   VBOXFACP 00000001 ASL  00000061)
[    0.000000] ACPI: DSDT 0x000000001FFF0470 002325 (v02 VBOX   VBOXBIOS 00000002 INTL 20190509)
[    0.000000] ACPI: FACS 0x000000001FFF0200 000040
[    0.000000] ACPI: FACS 0x000000001FFF0200 000040
[    0.000000] ACPI: APIC 0x000000001FFF0240 000054 (v02 VBOX   VBOXAPIC 00000001 ASL  00000061)
[    0.000000] ACPI: SSDT 0x000000001FFF02A0 0001CC (v01 VBOX   VBOXCPUT 00000002 INTL 20190509)
[    0.000000] ACPI: Reserving FACP table memory at [mem 0x1fff00f0-0x1fff01e3]
[    0.000000] ACPI: Reserving DSDT table memory at [mem 0x1fff0470-0x1fff2794]
[    0.000000] ACPI: Reserving FACS table memory at [mem 0x1fff0200-0x1fff023f]
[    0.000000] ACPI: Reserving FACS table memory at [mem 0x1fff0200-0x1fff023f]
[    0.000000] ACPI: Reserving APIC table memory at [mem 0x1fff0240-0x1fff0293]
[    0.000000] ACPI: Reserving SSDT table memory at [mem 0x1fff02a0-0x1fff046b]
[    0.000000] No NUMA configuration found
[    0.000000] Faking a node at [mem 0x0000000000000000-0x000000001ffeffff]
[    0.000000] NODE_DATA(0) allocated [mem 0x1ffc5000-0x1ffeffff]
[    0.000000] kvm-clock: cpu 0, msr 0:1ff44001, primary cpu clock
[    0.000000] kvm-clock: Using msrs 4b564d01 and 4b564d00
[    0.000000] kvm-clock: using sched offset of 10701787702 cycles
[    0.000000] clocksource: kvm-clock: mask: 0xffffffffffffffff max_cycles: 0x1cd42e4dffb, max_idle_ns: 881590591483 ns
[    0.000000] Zone ranges:
[    0.000000]   DMA      [mem 0x0000000000001000-0x0000000000ffffff]
[    0.000000]   DMA32    [mem 0x0000000001000000-0x000000001ffeffff]
[    0.000000]   Normal   empty
[    0.000000]   Device   empty
[    0.000000] Movable zone start for each node
[    0.000000] Early memory node ranges
[    0.000000]   node   0: [mem 0x0000000000001000-0x000000000009efff]
[    0.000000]   node   0: [mem 0x0000000000100000-0x000000001ffeffff]
[    0.000000] Reserved but unavailable: 104 pages
[    0.000000] Initmem setup node 0 [mem 0x0000000000001000-0x000000001ffeffff]
[    0.000000] ACPI: PM-Timer IO Port: 0x4008
[    0.000000] IOAPIC[0]: apic_id 1, version 32, address 0xfec00000, GSI 0-23
[    0.000000] ACPI: INT_SRC_OVR (bus 0 bus_irq 0 global_irq 2 dfl dfl)
[    0.000000] ACPI: INT_SRC_OVR (bus 0 bus_irq 9 global_irq 9 low level)
[    0.000000] Using ACPI (MADT) for SMP configuration information
[    0.000000] smpboot: Allowing 1 CPUs, 0 hotplug CPUs
[    0.000000] PM: Registered nosave memory: [mem 0x00000000-0x00000fff]
[    0.000000] PM: Registered nosave memory: [mem 0x0009f000-0x0009ffff]
[    0.000000] PM: Registered nosave memory: [mem 0x000a0000-0x000effff]
[    0.000000] PM: Registered nosave memory: [mem 0x000f0000-0x000fffff]
[    0.000000] e820: [mem 0x20000000-0xfebfffff] available for PCI devices
[    0.000000] Booting paravirtualized kernel on KVM
[    0.000000] clocksource: refined-jiffies: mask: 0xffffffff max_cycles: 0xffffffff, max_idle_ns: 7645519600211568 ns
[    0.000000] random: get_random_bytes called from start_kernel+0x99/0x500 with crng_init=0
[    0.000000] setup_percpu: NR_CPUS:8192 nr_cpumask_bits:1 nr_cpu_ids:1 nr_node_ids:1
[    0.000000] percpu: Embedded 45 pages/cpu s147456 r8192 d28672 u2097152
[    0.000000] PV qspinlock hash table entries: 256 (order: 0, 4096 bytes)
[    0.000000] Built 1 zonelists, mobility grouping on.  Total pages: 128889
[    0.000000] Policy zone: DMA32
[    0.000000] Kernel command line: BOOT_IMAGE=/boot/vmlinuz-4.15.0-147-generic root=UUID=79cb557c-b1e0-422e-888a-b0d7c9623e87 ro console=tty1 console=ttyS0
[    0.000000] Memory: 465940K/523832K available (12300K kernel code, 2483K rwdata, 4320K rodata, 2448K init, 2724K bss, 57892K reserved, 0K cma-reserved)
[    0.000000] SLUB: HWalign=64, Order=0-3, MinObjects=0, CPUs=1, Nodes=1
[    0.000000] Kernel/User page tables isolation: enabled
[    0.000000] ftrace: allocating 39457 entries in 155 pages
[    0.004000] Hierarchical RCU implementation.
[    0.004000] 	RCU restricting CPUs from NR_CPUS=8192 to nr_cpu_ids=1.
[    0.004000] 	Tasks RCU enabled.
[    0.004000] RCU: Adjusting geometry for rcu_fanout_leaf=16, nr_cpu_ids=1
[    0.004000] NR_IRQS: 524544, nr_irqs: 256, preallocated irqs: 16
[    0.004000] Console: colour VGA+ 80x25
[    0.004000] console [tty1] enabled
[    0.004000] console [ttyS0] enabled
[    0.004000] ACPI: Core revision 20170831
[    0.004000] ACPI: 2 ACPI AML tables successfully acquired and loaded
[    0.004000] APIC: Switch to symmetric I/O mode setup
[    0.005485] x2apic enabled
[    0.008019] Switched APIC routing to physical x2apic.
[    0.016000] ..TIMER: vector=0x30 apic1=0 pin1=2 apic2=-1 pin2=-1
[    0.016005] tsc: Detected 2297.336 MHz processor
[    0.020014] Calibrating delay loop (skipped) preset value.. 4594.67 BogoMIPS (lpj=9189344)
[    0.024006] pid_max: default: 32768 minimum: 301
[    0.028040] Security Framework initialized
[    0.032006] Yama: becoming mindful.
[    0.036035] AppArmor: AppArmor initialized
[    0.040125] Dentry cache hash table entries: 65536 (order: 7, 524288 bytes)
[    0.044065] Inode-cache hash table entries: 32768 (order: 6, 262144 bytes)
[    0.048032] Mount-cache hash table entries: 1024 (order: 1, 8192 bytes)
[    0.052016] Mountpoint-cache hash table entries: 1024 (order: 1, 8192 bytes)
[    0.056996] Last level iTLB entries: 4KB 64, 2MB 8, 4MB 8
[    0.060006] Last level dTLB entries: 4KB 64, 2MB 0, 4MB 0, 1GB 4
[    0.064019] Spectre V1 : Mitigation: usercopy/swapgs barriers and __user pointer sanitization
[    0.068005] Spectre V2 : Mitigation: Full generic retpoline
[    0.072005] Spectre V2 : Spectre v2 / SpectreRSB mitigation: Filling RSB on context switch
[    0.076005] Speculative Store Bypass: Vulnerable
[    0.080045] MDS: Mitigation: Clear CPU buffers
[    0.097009] Freeing SMP alternatives memory: 36K
[    0.232062] APIC calibration not consistent with PM-Timer: 149ms instead of 100ms
[    0.236000] APIC delta adjusted to PM-Timer: 6256242 (9343536)
[    0.236242] smpboot: CPU0: Intel(R) Xeon(R) CPU E5-2697 v4 @ 2.30GHz (family: 0x6, model: 0x4f, stepping: 0x0)
[    0.240092] Performance Events: unsupported p6 CPU model 79 no PMU driver, software events only.
[    0.244075] Hierarchical SRCU implementation.
[    0.248780] NMI watchdog: Perf event create on CPU 0 failed with -2
[    0.252040] NMI watchdog: Perf NMI watchdog permanently disabled
[    0.256075] smp: Bringing up secondary CPUs ...
[    0.260007] smp: Brought up 1 node, 1 CPU
[    0.264005] smpboot: Max logical packages: 1
[    0.268006] smpboot: Total of 1 processors activated (4594.67 BogoMIPS)
[    0.272151] devtmpfs: initialized
[    0.276070] x86/mm: Memory block size: 128MB
[    0.280140] evm: security.selinux
[    0.284013] evm: security.SMACK64
[    0.288005] evm: security.SMACK64EXEC
[    0.292004] evm: security.SMACK64TRANSMUTE
[    0.296004] evm: security.SMACK64MMAP
[    0.300003] evm: security.apparmor
[    0.304003] evm: security.ima
[    0.308003] evm: security.capability
[    0.312151] clocksource: jiffies: mask: 0xffffffff max_cycles: 0xffffffff, max_idle_ns: 7645041785100000 ns
[    0.320020] futex hash table entries: 256 (order: 2, 16384 bytes)
[    0.324067] pinctrl core: initialized pinctrl subsystem
[    0.332184] RTC time: 19:19:40, date: 07/09/21
[    0.336152] NET: Registered protocol family 16
[    0.340096] audit: initializing netlink subsys (disabled)
[    0.344179] cpuidle: using governor ladder
[    0.348016] audit: type=2000 audit(1625858392.893:1): state=initialized audit_enabled=0 res=1
[    0.352019] cpuidle: using governor menu
[    0.356075] ACPI: bus type PCI registered
[    0.360005] acpiphp: ACPI Hot Plug PCI Controller Driver version: 0.5
[    0.368153] PCI: Using configuration type 1 for base access
[    0.376327] HugeTLB registered 2.00 MiB page size, pre-allocated 0 pages
[    0.380227] ACPI: Added _OSI(Module Device)
[    0.384013] ACPI: Added _OSI(Processor Device)
[    0.388005] ACPI: Added _OSI(3.0 _SCP Extensions)
[    0.392006] ACPI: Added _OSI(Processor Aggregator Device)
[    0.396064] ACPI: Added _OSI(Linux-Dell-Video)
[    0.400006] ACPI: Added _OSI(Linux-Lenovo-NV-HDMI-Audio)
[    0.404007] ACPI: Added _OSI(Linux-HPI-Hybrid-Graphics)
[    0.412800] ACPI: Executed 1 blocks of module-level executable AML code
[    0.423571] ACPI: Interpreter enabled
[    0.424026] ACPI: (supports S0 S5)
[    0.428008] ACPI: Using IOAPIC for interrupt routing
[    0.432417] PCI: Using host bridge windows from ACPI; if necessary, use "pci=nocrs" and report a bug
[    0.436791] ACPI: Enabled 2 GPEs in block 00 to 07
[    0.465661] ACPI: PCI Root Bridge [PCI0] (domain 0000 [bus 00-ff])
[    0.468011] acpi PNP0A03:00: _OSC: OS supports [ASPM ClockPM Segments MSI]
[    0.472696] acpi PNP0A03:00: _OSC: not requesting OS control; OS requires [ExtendedConfig ASPM ClockPM MSI]
[    0.476027] acpi PNP0A03:00: fail to add MMCONFIG information, can't access extended PCI configuration space under this bridge.
[    0.485047] PCI host bridge to bus 0000:00
[    0.488010] pci_bus 0000:00: root bus resource [io  0x0000-0x0cf7 window]
[    0.492009] pci_bus 0000:00: root bus resource [io  0x0d00-0xffff window]
[    0.496010] pci_bus 0000:00: root bus resource [mem 0x000a0000-0x000bffff window]
[    0.500011] pci_bus 0000:00: root bus resource [mem 0x20000000-0xfdffffff window]
[    0.504010] pci_bus 0000:00: root bus resource [bus 00-ff]
[    0.532005] pci 0000:00:01.1: legacy IDE quirk: reg 0x10: [io  0x01f0-0x01f7]
[    0.536008] pci 0000:00:01.1: legacy IDE quirk: reg 0x14: [io  0x03f6]
[    0.540010] pci 0000:00:01.1: legacy IDE quirk: reg 0x18: [io  0x0170-0x0177]
[    0.544011] pci 0000:00:01.1: legacy IDE quirk: reg 0x1c: [io  0x0376]
[    0.724600] pci 0000:00:07.0: quirk: [io  0x4000-0x403f] claimed by PIIX4 ACPI
[    0.732006] pci 0000:00:07.0: quirk: [io  0x4100-0x410f] claimed by PIIX4 SMB
[    0.884171] ACPI: PCI Interrupt Link [LNKA] (IRQs 5 9 10 *11)
[    0.892213] ACPI: PCI Interrupt Link [LNKB] (IRQs 5 9 *10 11)
[    0.900217] ACPI: PCI Interrupt Link [LNKC] (IRQs 5 *9 10 11)
[    0.908216] ACPI: PCI Interrupt Link [LNKD] (IRQs 5 9 10 *11)
[    0.924315] SCSI subsystem initialized
[    0.932000] pci 0000:00:02.0: vgaarb: setting as boot VGA device
[    0.932000] pci 0000:00:02.0: vgaarb: VGA device added: decodes=io+mem,owns=io+mem,locks=none
[    0.932012] pci 0000:00:02.0: vgaarb: bridge control possible
[    0.936010] vgaarb: loaded
[    0.940133] ACPI: bus type USB registered
[    0.944122] usbcore: registered new interface driver usbfs
[    0.948053] usbcore: registered new interface driver hub
[    0.952031] usbcore: registered new device driver usb
[    0.956305] EDAC MC: Ver: 3.0.0
[    0.965237] PCI: Using ACPI for IRQ routing
[    0.972957] NetLabel: Initializing
[    0.976008] NetLabel:  domain hash size = 128
[    0.980015] NetLabel:  protocols = UNLABELED CIPSOv4 CALIPSO
[    0.988053] NetLabel:  unlabeled traffic allowed by default
[    0.992539] clocksource: Switched to clocksource kvm-clock
[    1.124126] VFS: Disk quotas dquot_6.6.0
[    1.136287] VFS: Dquot-cache hash table entries: 512 (order 0, 4096 bytes)
[    1.147838] AppArmor: AppArmor Filesystem Enabled
[    1.160195] pnp: PnP ACPI init
[    1.176465] pnp: PnP ACPI: found 3 devices
[    1.214519] clocksource: acpi_pm: mask: 0xffffff max_cycles: 0xffffff, max_idle_ns: 2085701024 ns
[    1.234013] NET: Registered protocol family 2
[    1.246004] TCP established hash table entries: 4096 (order: 3, 32768 bytes)
[    1.269344] TCP bind hash table entries: 4096 (order: 4, 65536 bytes)
[    1.280933] TCP: Hash tables configured (established 4096 bind 4096)
[    1.293990] UDP hash table entries: 256 (order: 1, 8192 bytes)
[    1.312975] UDP-Lite hash table entries: 256 (order: 1, 8192 bytes)
[    1.331049] NET: Registered protocol family 1
[    1.340111] pci 0000:00:00.0: Limiting direct PCI/PCI transfers
[    1.366320] pci 0000:00:01.0: Activating ISA DMA hang workarounds
[    1.372769] pci 0000:00:02.0: Video device with shadowed ROM at [mem 0x000c0000-0x000dffff]
[    1.399141] Unpacking initramfs...
[    2.777657] Freeing initrd memory: 20380K
[    2.793810] clocksource: tsc: mask: 0xffffffffffffffff max_cycles: 0x211d6095169, max_idle_ns: 440795202126 ns
[    2.824425] platform rtc_cmos: registered platform RTC device (no PNP device found)
[    2.845548] Scanning for low memory corruption every 60 seconds
[    2.865196] Initialise system trusted keyrings
[    2.874524] Key type blacklist registered
[    2.885116] workingset: timestamp_bits=36 max_order=17 bucket_order=0
[    2.901990] zbud: loaded
[    2.911501] squashfs: version 4.0 (2009/01/31) Phillip Lougher
[    2.933431] fuse init (API version 7.26)
[    2.958418] Key type asymmetric registered
[    2.972545] Asymmetric key parser 'x509' registered
[    2.995023] Block layer SCSI generic (bsg) driver version 0.4 loaded (major 246)
[    3.012668] io scheduler noop registered
[    3.027381] io scheduler deadline registered
[    3.032807] io scheduler cfq registered (default)
[    3.048110] ACPI: AC Adapter [AC] (on-line)
[    3.059883] input: Power Button as /devices/LNXSYSTM:00/LNXPWRBN:00/input/input0
[    3.081059] ACPI: Power Button [PWRF]
[    3.095887] input: Sleep Button as /devices/LNXSYSTM:00/LNXSLPBN:00/input/input1
[    3.111277] ACPI: Sleep Button [SLPF]
[    3.123357] Serial: 8250/16550 driver, 32 ports, IRQ sharing enabled
[    3.192586] 00:02: ttyS0 at I/O 0x3f8 (irq = 4, base_baud = 115200) is a 16550A
[    3.212017] Linux agpgart interface v0.103
[    3.229350] loop: module loaded
[    3.241827] scsi host0: ata_piix
[    3.249091] scsi host1: ata_piix
[    3.256492] ata1: PATA max UDMA/33 cmd 0x1f0 ctl 0x3f6 bmdma 0xd000 irq 14
[    3.270895] ata2: PATA max UDMA/33 cmd 0x170 ctl 0x376 bmdma 0xd008 irq 15
[    3.290218] libphy: Fixed MDIO Bus: probed
[    3.298157] tun: Universal TUN/TAP device driver, 1.6
[    3.311053] PPP generic driver version 2.4.2
[    3.321623] ehci_hcd: USB 2.0 'Enhanced' Host Controller (EHCI) Driver
[    3.336588] ehci-pci: EHCI PCI platform driver
[    3.346948] ehci-platform: EHCI generic platform driver
[    3.359566] ohci_hcd: USB 1.1 'Open' Host Controller (OHCI) Driver
[    3.370182] ohci-pci: OHCI PCI platform driver
[    3.383945] ohci-platform: OHCI generic platform driver
[    3.389041] uhci_hcd: USB Universal Host Controller Interface driver
[    3.403187] i8042: PNP: PS/2 Controller [PNP0303:PS2K,PNP0f03:PS2M] at 0x60,0x64 irq 1,12
[    3.421797] serio: i8042 KBD port at 0x60,0x64 irq 1
[    3.438064] serio: i8042 AUX port at 0x60,0x64 irq 12
[    3.445831] mousedev: PS/2 mouse device common for all mice
[    3.600052] input: AT Translated Set 2 keyboard as /devices/platform/i8042/serio0/input/input2
[    3.620882] rtc_cmos rtc_cmos: rtc core: registered rtc_cmos as rtc0
[    3.639505] rtc_cmos rtc_cmos: alarms up to one day, 114 bytes nvram
[    3.651520] i2c /dev entries driver
[    3.660246] device-mapper: uevent: version 1.0.3
[    3.672176] device-mapper: ioctl: 4.37.0-ioctl (2017-09-20) initialised: dm-devel@redhat.com
[    3.721647] ledtrig-cpu: registered to indicate activity on CPUs
[    3.762133] NET: Registered protocol family 10
[    3.808571] Segment Routing with IPv6
[    3.815831] NET: Registered protocol family 17
[    3.834074] Key type dns_resolver registered
[    3.850320] mce: Using 0 MCE banks
[    3.870251] RAS: Correctable Errors collector initialized.
[    3.890292] sched_clock: Marking stable (3890171724, 0)->(6896022909, -3005851185)
[    3.916172] registered taskstats version 1
[    3.938944] Loading compiled-in X.509 certificates
[    3.961926] Loaded X.509 cert 'Build time autogenerated kernel key: 51fb7d4f1badf96545a23cd59566c79f3f9ecc26'
[    3.998023] Loaded X.509 cert 'Canonical Ltd. Live Patch Signing: 14df34d1a87cf37625abec039ef2bf521249b969'
[    4.025444] Loaded X.509 cert 'Canonical Ltd. Kernel Module Signing: 88f752e560a1e0737e31163a466ad7b70a850c19'
[    4.061152] zswap: loaded using pool lzo/zbud
[    4.092379] Key type big_key registered
[    4.112147] Key type trusted registered
[    4.125287] Key type encrypted registered
[    4.140218] AppArmor: AppArmor sha1 policy hashing enabled
[    4.156537] ima: No TPM chip found, activating TPM-bypass! (rc=-19)
[    4.173548] ima: Allocated hash algorithm: sha1
[    4.183386] evm: HMAC attrs: 0x1
[    4.197700]   Magic number: 13:967:343
[    4.208597] tty tty60: hash matches
[    4.216364] rtc_cmos rtc_cmos: setting system clock to 2021-07-09 19:19:44 UTC (1625858384)
[    4.240802] BIOS EDD facility v0.16 2004-Jun-25, 0 devices found
[    4.257048] EDD information not available.
[    4.291725] Freeing unused kernel image memory: 2448K
[    4.348288] Write protecting the kernel read-only data: 20480k
[    4.424494] Freeing unused kernel image memory: 2008K
[    4.473089] Freeing unused kernel image memory: 1824K
[    4.561670] x86/mm: Checked W+X mappings: passed, no W+X pages found.
[    4.574682] x86/mm: Checking user space page tables
[    4.613155] x86/mm: Checked W+X mappings: passed, no W+X pages found.
Loading, please wait...
starting version 237
[    4.900931] e1000: Intel(R) PRO/1000 Network Driver - version 7.3.21-k8-NAPI
[    4.936856] e1000: Copyright (c) 1999-2006 Intel Corporation.
[    4.976717] Fusion MPT base driver 3.04.20
[    4.992403] Copyright (c) 1999-2008 LSI Corporation
[    5.164385] AVX2 version of gcm_enc/dec engaged.
[    5.176579] AES CTR mode by8 optimization enabled
[    5.272886] Fusion MPT SPI Host driver 3.04.20
[    5.377652] input: ImExPS/2 Generic Explorer Mouse as /devices/platform/i8042/serio1/input/input4
[    6.799254] e1000 0000:00:03.0 eth0: (PCI:33MHz:32-bit) 02:f3:7b:02:da:50
[    6.806106] e1000 0000:00:03.0 eth0: Intel(R) PRO/1000 Network Connection
[    6.816350] mptbase: ioc0: Initiating bringup
[    6.913621] ioc0: LSI53C1030 A0: Capabilities={Initiator}
[    7.167700] random: fast init done
[    7.171254] scsi host2: ioc0: LSI53C1030 A0, FwRev[    7.500968] random: fast init done
[    7.504385] scsi 2:0:0:0: Direct-Access     VBOX     HARDDISK         1.0  PQ: 0 ANSI: 5
[    7.512676] random: systemd-udevd: uninitialized urandom read (16 bytes read)
[    7.523302] scsi target2:0:0: Beginning Domain Validation
[    7.52[    7.357197] scsi 2:0:0:0: Direct-Access     VBOX     HARDDISK         1.0  PQ: 0 ANSI: 5
[    7.382990] scsi target2:0:0: Beginning Domain Validation
[    7.396326] scsi target2:0:0: Domain Validation skipping write tests
[    7.415721] scsi target2:0:0: Ending Domain Validation
[    7.424247] scsi target2:0:0: asynchronous
[    7.450233] scsi 2:0:1:0: Direct-Access     VBOX     HARDDISK         1.0  PQ: 0 ANSI: 5
[    7.483899] scsi target2:0:1: Beginning Domain Validation
[    7.530771] scsi target2:0:1: Domain Validation skipping write tests
[    7.539011] scsi target2:0:1: Ending Domain Validation
[    7.595036] scsi target2:0:1: asynchronous
[    7.643449] sd 2:0:0:0: [sda] 83886080 512-byte logical blocks: (42.9 GB/40.0 GiB)
[    7.663386] sd 2:0:0:0: Attached scsi generic sg0 type 0
[    7.694974] sd 2:0:1:0: Attached scsi generic sg1 type 0
[    7.715851] sd 2:0:1:0: [sdb] 20480 512-byte logical blocks: (10.5 MB/10.0 MiB)
[    7.727143] sd 2:0:1:0: [sdb] Write Protect is off
[    7.737274] sd 2:0:0:0: [sda] Write Protect is off
[    7.774857] sd 2:0:0:0: [sda] Incomplete mode parameter data
[    7.786521] sd 2:0:0:0: [sda] Assuming drive cache: write through
[    7.800223] sd 2:0:1:0: [sdb] Incomplete mode parameter data
[    7.816488] sd 2:0:1:0: [sdb] Assuming drive cache: write through
[    7.868455]  sda: sda1
[    7.875475] sd 2:0:0:0: [sda] Attached SCSI disk
[    7.891806] sd 2:0:1:0: [sdb] Attached SCSI disk
[    9.202648] e1000 0000:00:08.0 eth1: (PCI:33MHz:32-bit) 08:00:27:93:ee:2d
[    9.219954] e1000 0000:00:08.0 eth1: Intel(R) PRO/1000 Network Connection
[    9.243080] e1000 0000:00:03.0 enp0s3: renamed from eth0
[    9.256324] e1000 0000:00:08.0 enp0s8: renamed from eth1
Begin: Loading essential drivers ... [   15.470875] raid6: sse2x1   gen()  1933 MB/s
[   15.532103] raid6: sse2x1   xor()  1521 MB/s
[   15.600528] raid6: sse2x2   gen()  3644 MB/s
[   15.679931] raid6: sse2x2   xor()  1392 MB/s
[   15.770413] raid6: sse2x4   gen()  2804 MB/s
[   15.830695] raid6: sse2x4   xor()  1845 MB/s
[   15.899935] raid6: avx2x1   gen()  4064 MB/s
[   15.995383] raid6: avx2x1   xor()  3224 MB/s
[   16.081427] raid6: avx2x2   gen()  6426 MB/s
[   16.156549] raid6: avx2x2   xor()  3011 MB/s
[   16.226351] raid6: avx2x4   gen()  4134 MB/s
[   16.294353] raid6: avx2x4   xor()  3423 MB/s
[   16.308424] raid6: using algorithm avx2x2 gen() 6426 MB/s
[   16.329098] raid6: .... xor() 3011 MB/s, rmw enabled
[   16.367148] raid6: using avx2x2 recovery algorithm
[   16.412479] xor: automatically using best checksumming function   avx       
[   16.479409] async_tx: api initialized (async)
done.
Begin: Running /scripts/init-premount ... done.
Begin: Mounting root file system ... Begin: Running /scripts/local-top ... done.
Begin: Running /scripts/local-premount ... [   17.120042] Btrfs loaded, crc32c=crc32c-intel
Scanning for Btrfs filesystems
done.
Begin: Will now check root file system ... fsck from util-linux 2.31.1
[/sbin/fsck.ext4 (1) -- /dev/sda1] fsck.ext4 -a -C0 /dev/sda1 
cloudimg-rootfs: recovering journal
cloudimg-rootfs: Clearing orphaned inode 3915 (uid=0, gid=0, mode=0100600, size=0)
cloudimg-rootfs: Clearing orphaned inode 256232 (uid=0, gid=0, mode=0100666, size=0)
cloudimg-rootfs: Clearing orphaned inode 63544 (uid=0, gid=0, mode=0100644, size=112)
cloudimg-rootfs: Clearing orphaned inode 4771 (uid=0, gid=0, mode=0100644, size=112672)
cloudimg-rootfs: clean, 130242/5120000 files, 784967/10485499 blocks
done.
[   18.118891] EXT4-fs (sda1): mounted fi[   18.728968] ip_tables: (C) 2000-2006 Netfilter Core Team
[   18.786977] systemd[1]: systemd 237 running in system mode. (+PAM +AUDIT +SELINUX +IM[   18.924814] random: crng init done
[   18.933781] random: 7 urandom warning(s) missed due to ratelimiting
[   19.025733] ip_tables: (C) 2000-2006 Netfilter Core Team
[   19.101318] systemd[1]: systemd 237 running in system mode. (+PAM +AUDIT +SELINUX +IMA +APPARMOR +SMACK +SYSVINIT +UTMP +LIBCRYPTSETUP +GCRYPT +GNUTLS +ACL +XZ +LZ4 +SECCOMP +BLKID +ELFUTILS +KMOD -IDN2 +IDN -PCRE2[   20.306951] systemd[1]: Reached target System Time Synchronized.
[[0;32m  OK  [0m] Reached target System Time Synchronized.
[   20.343042] systemd[1]: Reached target Swap.
[[0;32m  OK  [0m] Reached target Swap.
[   20.373989] systemd[1]: Reached tar[   20.317491] systemd[1]: Started Forward Password Requests to Wall Directory Watch.
[[0;32m  OK  [0m] Started Forward Password Requests to Wall Directory Watch.
[   20.348723] systemd[1]: Reached target User and Group Name Lookups.
[[0;32m  OK  [0m] Reached target User and Group Name Lookups.
[   20.375826] systemd[1]: Created slice User and Session Slice.
[[0;32m  OK  [0m] Created slice User and Session Slice.
[   20.408388] systemd[1]: Set up automount Arbitrary Executable File Formats File System Automount Point.
[[0;32m  OK  [0m] Set up automount Arbitrary Executabâ€¦rmats File System Automount Point.
[   20.449018] systemd[1]: Reached target Swap.
[[0;32m  OK  [0m] Reached target Swap.
[   20.470365] systemd[1]: Reached target System Time Synchronized.
[[0;32m  OK  [0m] Reached target System Time Synchronized.
[[0;32m  OK  [0m] Created slice System Slice.
[[0;32m  OK  [0m] Listening on udev Kernel Socket.
[[0;32m  OK  [0m] Listening on Network Service Netlink Socket.
[[0;32m  OK  [0m] Listening on Journal Audit Socket.
[[0;32m  OK  [0m] Created slice system-serial\x2dgetty.slice.
[[0;32m  OK  [0m] Listening on LVM2 metadata daemon socket.
[[0;32m  OK  [0m] Reached target Slices.
[[0;32m  OK  [0m] Listening on /dev/initctl Compatibility Named Pipe.
[[0;32m  OK  [0m] Listening on Journal Socket (/dev/log).
[[0;32m  OK  [0m] Listening on LVM2 poll daemon socket.
[[0;32m  OK  [0m] Listening on Journal Socket.
         Starting Create list of required stâ€¦ce nodes for the cur[[0;32m  OK  [  ] Li   Starting Uncomplicated fire
         Starting udev Coldplug all Devices...
[[0;32m  OK  [0m] Created slice User and Session Slice.
[[0;32m  OK  [0m] Reached target Slices.
[   20.986312] iscsi: registered transport (iser)
[[0;32m  OK  [0m] Set up automount Arbitrary Exe        Mounting POSIX Message Queue File 
[[0;32m  OK  [0m] ListeningListening on Device-mapper event[[0;32m  OK  [[ ] Listening on Journal Audit Socket.
         Starting Journal Service...
[[0;32m  OK  [0m] Listening on LVM2 metadata daemon socket.
         Starting Monitoring of LVM2 mirrorsâ€¦ng dmeventd or progress polling...
[[0;32m  OK  [0m] Started Load Kernel Modules.
[[0;32m  OK  [0m] Started Create list of required staâ€¦vice nodes for the current kernel.
[[0;32m  OK  [0m] Started Uncomplicated firewall.
[[0;32m  OK  [0m] Started Remount Root and Kernel File Systems.
[[0;32m  OK  [0m] Mounted Kernel Debug File System.
[[0;32m  OK  [0m] Mounted POSIX Message Queue File System.
[[0;32m  OK  [0m] Mounted Huge Pages File System.
         Starting Load/Save Random Seed...
         Starting Create Static Device Nodes in /dev...
         Starting Apply Kernel Variables...
         Mounting Kernel Configuration File System...
         Mounting FUSE Control File System...
[[0;32m  OK  [0m] Started Load/Save Random Seed.
[[0;32m  OK  [0m] Mounted Kernel C[[0;32m  OK  [0m] Started Load/Save Random Seed.
[[0;32m  OK  [0m] Started LVM2 metadata daemon.
[[0;32m  OK  [0m] Started Journal Service.[   21.588180] iscsi: registered transport (iser)

         Starting Flush Journal to Persistent S[[0;32m  O[   21.633584] systemd-journald[420]: Received requ[[0;32m  OK  [0m] Started Journal Servi[[0;32m  OK  [0m] Started Monitoring of LVM2 mirrors,â€¦sing dmeventd or progre] Started M
[[0;32m  OK  [0m] Started Load Kernel Modules.
[[0;32m  OK [[0;32m  OK  [0m] Started Apply Kernel [   21.793
[[0;32m  OK  [0m] Started udev Coldplug all Devices.
[[0;32m  OK  [0m] Reached target Local File Systems (Pre).
[[0;32m  OK  [0m] Reached target Local File Systems.
         Starting AppArmor initialization...
         Starting Set console font and keymap...
         Starting ebtables ruleset management...
         Starting Tell Plymouth To Write Out Runtime Data...
[[0;32m  OK  [0m] Started udev Kernel Device Manager.
[[0;32m  OK  [0m] Started Set console font and keymap.
[[0;32m  OK  [0m] Started Tell Plymouth To Write Out Runtime Data.
[[0;32m  OK  [0m] Started Dispatch Password Requests to Console Directory Watch.
[[0;32m  OK  [0m] Reached target Local Encrypted Volumes.
[[0;32m  OK  [0m] Started ebtables ruleset management.
[[0;32m  OK  [0m] Started Flush Journal to Persistent Storage.
         Starting Create Volatile Files and Directories...
[[0;32m  OK  [0m] Started Create Volatile Files and Directories.
         Starting Update UTMP about System Boot/Shutdown...
[[0;32m  OK  [0m] Started Update UTMP about System Boot/Shutdown.
[[0;32m  OK  [0m] Started AppArmor initialization.
         Starting Load AppArmor profiles managed internally by snapd...
         Starting Initial cloud-init job (pre-networking)...
[[0;32m  OK  [0m] Started Load AppArmor profiles managed internally by snapd.
[[0;32m  OK  [0m] Found device /dev/ttyS0.
[[0;32m  OK  [0m] Listening on Load/Save RF Kill Switch Status /dev/rfkill Watch.
[   29.939497] cloud-init[520]: Cloud-init v. 21.1-19-gbad84ad4-0ubuntu1~18.04.1 running 'init-local' at Fri, 09 Jul 2021 19:20:09 +0000. Up 28.89 seconds.
[[0;32m  OK  [0m] Started Initial cloud-init job (pre-networking).
[[0;32m  OK  [0m] Reached target Network (Pre).
         Starting Network Service...
[[0;32m  OK  [0m] Started Network Service.
         Starting Network Name Resolution...
         Starting Wait for Network to be Configured...
[[0;32m  OK  [0m] Started Network Name Resolution.
[[0;32m  OK  [0m] Reached target Host and Network Name Lookups.
[[0;32m  OK  [0m] Reached target Network.
[[0;32m  OK  [0m] Started Wait for Network to be Configured.
         Starting Initial cloud-init job (metadata service crawler)...
[   35.592942] cloud-init[667]: Cloud-init v. 21.1-19-gbad84ad4-0ubuntu1~18.04.1 running 'init' at Fri, 09 Jul 2021 19:20:15 +0000. Up 34.89 seconds.
[   35.653877] cloud-init[667]: ci-info: ++++++++++++++++++++++++++++++++++++++Net device info+++++++++++++++++++++++++++++++++++++++
[   35.685514] cloud-init[667]: ci-info: +--------+------+-----------------------------+---------------+--------+-------------------+
[   35.721699] cloud-init[667]: ci-info: | Device |  Up  |           Address           |      Mask     | Scope  |     Hw-Address    |
[   35.749203] cloud-init[667]: ci-info[   36.608588] cloud-init[656]: Cloud-init v. 21.1-19-gbad84ad4-0ubuntu1~18.04.1 running 'init' at Fri, 09 Jul 2021 19:20:16 +0000. Up 35.86 seconds.
[   36.678991] cloud-init[656]: ci-info: ++++++++++++++++++++++++++++++++++++++Net device info+++++++++++++++++++++++++++++++++++++++
[   36.709524] cloud-init[656]: ci-info: +--------+------+-----------------------------+---------------+--------+-------------------+
[   36.731975] cloud-init[656]: ci-info: | Device |  Up  |           Address           |      Mask     | Scope  |     Hw-Address    |
[   36.758270] cloud-init[656]: ci-info: +--------+------+-----------------------------+---------------+--------+-------------------+
[   36.778140] cloud-init[656]: ci-info: | enp0s3 | True |          10.0.2.15          | 255.255.255.0 | global | 02:f3:7b:02:da:50 |
[   36.826427] cloud-init[656]: ci-info: | enp0s3 | True |  fe80::f3:7bff:fe02:da50/64 |       .       |  link  | 02:f3:7b:02:da:50 |
[   36.855316] cloud-init[656]: ci-info: | enp0s8 | True |        192.168.11.13        | 255.255.255.0 | global | 08:00:27:93:ee:2d |
[   36.880700] cloud-init[656]: ci-info: | enp0s8 | True | fe80::a00:27ff:fe93:ee2d/64 |       .       |  link  | 08:00:27:93:ee:2d |
[   36.906628] cloud-init[656]: ci-info: |   lo   | True |          127.0.0.1          |   255.0.0.0   |  host  |         .         |
[   36.955145] cloud-init[656]: ci-info: |   lo   | True |           ::1/128           |       .       |  host  |         .         |
[   36.994313] cloud-init[656]: ci-info: +--------+------+-----------------------------+---------------+--------+-------------------+
[   37.018563] cloud-init[656]: ci-info: +++++++++++++++++++++++++++++Route IPv4 info+++++++++++++++++++++++++++++
[   37.045217] cloud-init[656]: ci-info: +-------+--------------+----------+-----------------+-----------+-------+
[   37.065345] cloud-init[656]: ci-info: | Route | Destination  | Gateway  |     Genmask     | Interface | Flags |
[   37.092425] cloud-init[656]: ci-info: +-------+--------------+----------+-----------------+-----------+-------+
[   37.120691] cloud-init[656]: ci-info: |   0   |   0.0.0.0    | 10.0.2.2 |     0.0.0.0     |   enp0s3  |   UG  |
[   37.150356] cloud-init[656]: ci-info: |   1   |   10.0.2.0   | 0.0.0.0  |  255.255.255.0  |   enp0s3  |   U   |
[   37.173740] cloud-init[656]: ci-info: |   2   |   10.0.2.2   | 0.0.0.0  | 255.255.255.255 |   enp0s3  |   UH  |
[   37.203732] cloud-init[656]: ci-info: |   3   | 192.168.11.0 | 0.0.0.0  |  255.255.255.0  |   enp0s8  |   U   |
[   37.222082] cloud-init[656]: ci-info: +-------+--------------+----------+-----------------+-----------+-------+
[   37.285166] cloud-init[656]: ci-info: +++++++++++++++++++Route IPv6 info+++++++++++++++++++
[   37.344333] cloud-init[656]: ci-info: +-------+-------------+---------+-----------+-------+
[   37.380941] cloud-init[656]: ci-info: | Route | Destination | Gateway | Interface | Flags |
[   37.404553] cloud-init[656]: ci-info: +-------+-------------+---------+-----------+-------+
[   37.447276] cloud-init[656]: ci-info: |   1   |  fe80::/64  |    ::   |   enp0s8  |   U   |
[   37.467542] cloud-init[656]: ci-info: |   2   |  fe80::/64  |    ::   |   enp0s3  |   U   |
[   37.538003] cloud-init[656]: ci-info: |   4   |    local    |    ::   |   enp0s3  |   U   |
[   37.569925] cloud-init[656]: ci-info: |   5   |    local    |    ::   |   enp0s8  |   U   |
[   37.598811] cloud-init[656]: ci-info: |   6   |   ff00::/8  |    ::   |   enp0s8  |   U   |
[   37.605243] cloud-init[656]: ci-info: |   7   |   ff00::/8  |    ::   |   enp0s3  |   U   |[
[0;32m  OK  [0m] Started Initial cloud-init job (metadata service crawler).[   37.646018] 
[[0;32m  OK  [0m] Reached target Cloud-config availability.cloud-init[656]: ci-info: +-------+-------------+---------+-----------+-------+
[
[0;32m  OK  [0m] Reached target System Initialization.
         Starting Socket activation for snappy daemon.
[[0;32m  OK  [0m] Listening on D-Bus System Message Bus Socket.
[[0;32m  OK  [0m] Started Message of the Day.
[[0;32m  OK  [0m] Started Discard unused blocks once a week.
[[0;32m  OK  [0m] Started Daily Cleanup of Temporary Directories.
         Starting LXD - unix socket.
[[0;32m  OK  [0m] Listening on Open-iSCSI iscsid Socket.
[[0;32m  OK  [0m] Started ACPI Events Check.
[[0;32m  OK  [0m] Listening on ACPID Listen Socket.
[[0;32m  OK  [0m] Reached target Paths.
[[0;32m  OK  [0m] Started Daily apt download activities.
[[0;32m  OK  [0m] Started Daily apt upgrade and clean activities.
[[0;32m  OK  [0m] Started Clean PHP session files every 30 mins.
[[0;32m  OK  [0m] Reached target Timers.
[[0;32m  OK  [0m] Listening on UUID daemon activation socket.
[[0;32m  OK  [0m] Reached target Network is Online.
[[0;32m  OK  [0m] Reached target Remote File Systems (Pre).
[[0;32m  OK  [0m] Reached target Remote File Systems.
         Starting Availability of block devices...
[[0;32m  OK  [0m] Listening on Socket activation for snappy daemon.
[[0;32m  OK  [0m] Listening on LXD - unix socket.
[[0;32m  OK  [0m] Started Availability of block devices.
[[0;32m  OK  [0m] Reached target Sockets.
[[0;32m  OK  [0m] Reached target Basic System.
         Starting Permit User Sessions...
         Starting Clean php session files...
[[0;32m  OK  [0m] Started FUSE filesystem for LXC.
         Starting Dispatcher daemon for systemd-networkd...
[[0;32m  OK  [0m] Started irqbalance daemon.
         Starting Accounts Service...
         Starting Login Service...
[[0;32m  OK  [0m] Started Deferred execution scheduler.
         Starting LSB: Record successful boot for GRUB...
         Starting The Apache HTTP Server...
         Starting Virtualbox guest utils...
[[0;32m  OK  [0m] Started Regular background program processing daemon.
[[0;32m  OK  [0m] Started D-Bus System Message Bus.
[[0;32m  OK  [0m] Started Login Service.
[[0;32m  OK  [0m] Started Unattended Upgrades Shutdown.
         Starting LSB: automatic crash report generation...
         Starting OpenBSD Secure Shell server...
         Starting LXD - container startup/shutdown...
         Starting System Logging Service...
         Starting Snap Daemon...
[[0;32m  OK  [0m] Started Permit User Sessions.
         Starting Authorization Manager...
         Starting Terminate Plymouth Boot Screen...
         Starting Hold un[[0;32m  OK  [0m] Started OpenBSD Secure Shell server.
[[0;32m  OK  [0m] Started LXD - container startup/shutdown.
[[0;32m  OK  [0m] Started Authorization Manager.
[[0;32m  OK  [0m] Started Accounts Service.
[[0;32m  OK  [0m] Started Virtualbox guest utils.
[[0;32m  OK  [0m] Started The Apache HTTP Server.
[[0;32m  OK  [0m] Started Dispatcher daemon for systemd-networkd.
[[0;32m  OK  [0m] Started Snap Daemon.
         Starting Wait until snapd is fully seeded...
[[0;32m  OK  [0m] Started Wait until snapd is fully seeded.
         Starting Apply the settings specified in cloud-config...
[[0;32m  OK  [0m] Reached target Multi-User System.
[[0;32m  OK  [0m] Reached target Graphical Interface.
         Starting Update UTMP about System Runlevel Changes...
[[0;32m  OK  [0m] Started Update UTMP about System Runlevel Changes.
[   43.700451] cloud-init[976]: Cloud-init v. 21.1-19-gbad84ad4-0ubuntu1~18.04.1 running 'modules:config' at Fri, 09 Jul 2021 19:20:23 +0000. Up 43.09 seconds.

Ubuntu 18.04.5 LTS Jascha-acceptatie-WS-1 ttyS0

Jascha-acceptatie-WS-1 login: [   45.542416] cloud-init[1028]: Cloud-init v. 21.1-19-gbad84ad4-0ubuntu1~18.04.1 running 'modules:final' at Fri, 09 Jul 2021 19:20:25 +0000. Up 45.27 seconds.
[   45.579922] cloud-init[1028]: Cloud-init v. 21.1-19-gbad84ad4-0ubuntu1~18.04.1 finished at Fri, 09 Jul 2021 19:20:25 +0000. Datasource DataSourceNoCloud [seed=/dev/sdb][dsmode=net].  Up 45.52 seconds
d-config...
[[0;32m  OK  [0m] Started Update UTMP about System Runlevel Changes.
[   45.948228] cloud-init[1022]: Cloud-init v. 21.1-19-gbad84ad4-0ubuntu1~18.04.1 running 'modules:config' at Fri, 09 Jul 2021 19:20:26 +0000. Up 45.72 seconds.
Ubuntu 18.04.5 LTS Jascha-acceptatie-WS-2
 ttyS0

Jascha-acceptatie-WS-2 login: [   46.575680] cloud-init[1058]: Cloud-init v. 21.1-19-gbad84ad4-0ubuntu1~18.04.1 running 'modules:final' at Fri, 09 Jul 2021 19:20:26 +0000. Up 46.46 seconds.
[   46.606782] cloud-init[1058]: Cloud-init v. 21.1-19-gbad84ad4-0ubuntu1~18.04.1 finished at Fri, 09 Jul 2021 19:20:26 +0000. Datasource DataSourceNoCloud [seed=/dev/sdb][dsmode=net].  Up 46.56 seconds
